[jorgesanchez.net/manuales/html/introduccion-html.html]
[backblue.gif]
[fade.gif]
[index.html]
[use.typekit.net/cgm1lsq.js]
[jorgesanchez.net/lib/perfect-scrollbar.min.css]
[jorgesanchez.net/css/manual2c0d.css]
[jorgesanchez.net/img/cerrar.png]
[jorgesanchez.net/img/twitter.png]
[jorgesanchez.net/img/facebook.png]
[jorgesanchez.net/img/youtube.png]
[jorgesanchez.net/img/github.png]
[jorgesanchez.net/img/docs.png]
[jorgesanchez.net/img/mail.png]
[jorgesanchez.net/img/logo.png]
[jorgesanchez.net/img/logoMini.png]
[pagead2.googlesyndication.com/pagead/js/f.txt]
[jorgesanchez.net/manuales/html/intro-html-web-resources/image/1.png]
[jorgesanchez.net/manuales/html/intro-html-web-resources/image/2.png]
[jorgesanchez.net/manuales/html/intro-html-web-resources/image/3.png]
[jorgesanchez.net/manuales/html/intro-html-web-resources/image/4.png]
[jorgesanchez.net/manuales/html/intro-html-web-resources/image/5.png]
[jorgesanchez.net/manuales/html/intro-html-web-resources/image/6.png]
[jorgesanchez.net/manuales/html/intro-html-web-resources/image/7.png]
[jorgesanchez.net/manuales/html/introduccion-lenguajes-de-marcas.html]
[jorgesanchez.net/manuales/html/edicion-basica-html5.html]
[jorgesanchez.net/manuales/html/texto-y-parrafo-html5.html]
[jorgesanchez.net/manuales/html/enlaces-html5.html]
[jorgesanchez.net/manuales/html/imagenes-html5.html]
[jorgesanchez.net/manuales/html/introduccion-a-css.html]
[jorgesanchez.net/manuales/html/selectores-css.html]
[jorgesanchez.net/manuales/html/unidades-colores-css.html]
[jorgesanchez.net/manuales/html/formato-fuente-parrafo.html]
[jorgesanchez.net/manuales/html/formato-caja-lista-css.html]
[jorgesanchez.net/manuales/html/elementos-estructurales-html5.html]
[jorgesanchez.net/manuales/html/tablas-html5.html]
[jorgesanchez.net/manuales/html/formularios-html5.html]
[jorgesanchez.net/manuales/html/css-visualizacion.html]
[jorgesanchez.net/manuales/html/css-posicionamiento.html]
[jorgesanchez.net/lib/jquery.easing.min.js]
[jorgesanchez.net/lib/jquery.scrollTo.min.js]
[jorgesanchez.net/lib/perfect-scrollbar.jquery.min.js]
[jorgesanchez.net/lib/jquery.min.js]
[jorgesanchez.net/manuales/html/introduccion-html.html]
[jorgesanchez.net/lib/perfect-scrollbar.min.css]
[jorgesanchez.net/css/manual2c0d.css]
[jorgesanchez.net/manuales/html/intro-html.html]
[jorgesanchez.net/js/manual2c0d.js]
[jorgesanchez.net/manuales/html/introduccion-lenguajes-de-marcas-web-resources/image/1.png]
[jorgesanchez.net/manuales/html/introduccion-lenguajes-de-marcas-web-resources/image/2.png]
[jorgesanchez.net/manuales/html/introduccion-lenguajes-de-marcas-web-resources/image/3.png]
[jorgesanchez.net/manuales/html/introduccion-lenguajes-de-marcas.html]
[jorgesanchez.net/manuales/html/edicion-basica-html-2016-web-resources/image/1.png]
[jorgesanchez.net/manuales/html/edicion-basica-html-2016-web-resources/image/2.png]
[jorgesanchez.net/manuales/html/edicion-basica-html-2016-web-resources/image/3.png]
[jorgesanchez.net/manuales/html/edicion-basica-html-2016-web-resources/image/4.png]
[jorgesanchez.net/manuales/html/edicion-basica-html-2016-web-resources/image/5.png]
[jorgesanchez.net/manuales/html/edicion-basica-html5.html]
[jorgesanchez.net/manuales/html/texto-y-parrafo-html-2016-web-resources/image/1.png]
[jorgesanchez.net/manuales/html/texto-y-parrafo-html-2016-web-resources/image/2.png]
[jorgesanchez.net/manuales/html/texto-y-parrafo-html-2016-web-resources/image/3.png]
[jorgesanchez.net/manuales/html/texto-y-parrafo-html-2016-web-resources/image/4.png]
[jorgesanchez.net/manuales/html/texto-y-parrafo-html-2016-web-resources/image/5.png]
[jorgesanchez.net/manuales/html/texto-y-parrafo-html-2016-web-resources/image/6.png]
[jorgesanchez.net/manuales/html/texto-y-parrafo-html-2016-web-resources/image/7.png]
[jorgesanchez.net/manuales/html/texto-y-parrafo-html-2016-web-resources/image/8.png]
[jorgesanchez.net/manuales/html/texto-y-parrafo-html-2016-web-resources/image/9.png]
[jorgesanchez.net/manuales/html/texto-y-parrafo-html-2016-web-resources/image/10.png]
[jorgesanchez.net/manuales/html/texto-y-parrafo-html-2016-web-resources/image/11.png]
[jorgesanchez.net/manuales/html/texto-y-parrafo-html-2016-web-resources/image/12.png]
[jorgesanchez.net/manuales/html/texto-y-parrafo-html-2016-web-resources/image/13.png]
[jorgesanchez.net/manuales/html/texto-y-parrafo-html-2016-web-resources/image/14.png]
[jorgesanchez.net/manuales/html/texto-y-parrafo-html-2016-web-resources/image/15.png]
[jorgesanchez.net/manuales/html/texto-y-parrafo-html-2016-web-resources/image/16.png]
[jorgesanchez.net/manuales/html/texto-y-parrafo-html-2016-web-resources/image/17.png]
[jorgesanchez.net/manuales/html/texto-y-parrafo-html5.html]
[jorgesanchez.net/manuales/html/enlaces-html-2016-web-resources/image/1.png]
[jorgesanchez.net/manuales/html/enlaces-html5.html]
[jorgesanchez.net/manuales/html/imagenes-html-2016-web-resources/image/1.png]
[jorgesanchez.net/manuales/html/imagenes-html-2016-web-resources/image/2.png]
[jorgesanchez.net/manuales/html/imagenes-html5.html]
[jorgesanchez.net/manuales/html/css-bases-html-2016-web-resources/image/1.png]
[jorgesanchez.net/manuales/html/introduccion-a-css.html]
[jorgesanchez.net/manuales/html/css-selectores-html-2016-web-resources/image/1.png]
[jorgesanchez.net/manuales/html/selectores-css.html]
[jorgesanchez.net/manuales/html/css-unidades-colores-html-2016-web-resources/image/1.png]
[jorgesanchez.net/manuales/html/css-unidades-colores-html-2016-web-resources/image/2.png]
[jorgesanchez.net/manuales/html/css-unidades-colores-html-2016-web-resources/image/3.png]
[jorgesanchez.net/manuales/html/css-unidades-colores-html-2016-web-resources/image/4.png]
[jorgesanchez.net/manuales/html/unidades-colores-css.html]
[jorgesanchez.net/manuales/html/css-formato-fuente-html-2016-web-resources/image/tipografia.png]
[jorgesanchez.net/manuales/html/css-formato-fuente-html-2016-web-resources/image/1.png]
[jorgesanchez.net/manuales/html/css-formato-fuente-html-2016-web-resources/image/3.png]
[jorgesanchez.net/manuales/html/css-formato-fuente-html-2016-web-resources/image/4.png]
[jorgesanchez.net/manuales/html/css-formato-fuente-html-2016-web-resources/image/5.png]
[jorgesanchez.net/manuales/html/css-formato-fuente-html-2016-web-resources/image/6.png]
[jorgesanchez.net/manuales/html/css-formato-fuente-html-2016-web-resources/image/7.png]
[jorgesanchez.net/manuales/html/css-formato-fuente-html-2016-web-resources/image/8.png]
[jorgesanchez.net/manuales/html/css-formato-fuente-html-2016-web-resources/image/9.png]
[jorgesanchez.net/manuales/html/css-formato-fuente-html-2016-web-resources/image/10.png]
[jorgesanchez.net/manuales/html/css-formato-fuente-html-2016-web-resources/image/11.png]
[jorgesanchez.net/manuales/html/formato-fuente-parrafo.html]
[jorgesanchez.net/manuales/html/css-formato-caja-lista-html-2016-web-resources/image/Imagen40467.png]
[jorgesanchez.net/manuales/html/css-formato-caja-lista-html-2016-web-resources/image/Imagen40475.png]
[jorgesanchez.net/manuales/html/css-formato-caja-lista-html-2016-web-resources/image/1.png]
[jorgesanchez.net/manuales/html/css-formato-caja-lista-html-2016-web-resources/image/Imagen41040.png]
[jorgesanchez.net/manuales/html/css-formato-caja-lista-html-2016-web-resources/image/Imagen41048.png]
[jorgesanchez.net/manuales/html/css-formato-caja-lista-html-2016-web-resources/image/Imagen41057.png]
[jorgesanchez.net/manuales/html/css-formato-caja-lista-html-2016-web-resources/image/Imagen41069.png]
[jorgesanchez.net/manuales/html/css-formato-caja-lista-html-2016-web-resources/image/Imagen41079.png]
[jorgesanchez.net/manuales/html/css-formato-caja-lista-html-2016-web-resources/image/Imagen41096.png]
[jorgesanchez.net/manuales/html/css-formato-caja-lista-html-2016-web-resources/image/Imagen41104.png]
[jorgesanchez.net/manuales/html/css-formato-caja-lista-html-2016-web-resources/image/Imagen41112.png]
[jorgesanchez.net/manuales/html/css-formato-caja-lista-html-2016-web-resources/image/Imagen42085.png]
[jorgesanchez.net/manuales/html/css-formato-caja-lista-html-2016-web-resources/image/Imagen42093.png]
[jorgesanchez.net/manuales/html/formato-caja-lista-css.html]
[jorgesanchez.net/manuales/html/elementos-estructurales-html5-web-resources/image/div.png]
[jorgesanchez.net/manuales/html/elementos-estructurales-html5-web-resources/image/1.png]
[jorgesanchez.net/manuales/html/elementos-estructurales-html5-web-resources/image/2.png]
[jorgesanchez.net/manuales/html/elementos-estructurales-html5-web-resources/image/3.png]
[jorgesanchez.net/manuales/html/elementos-estructurales-html5-web-resources/image/4.png]
[jorgesanchez.net/manuales/html/elementos-estructurales-html5-web-resources/image/5.png]
[jorgesanchez.net/manuales/html/elementos-estructurales-html5.html]
[jorgesanchez.net/manuales/html/tablas-html5-web-resources/image/1.png]
[jorgesanchez.net/manuales/html/tablas-html5-web-resources/image/2.png]
[jorgesanchez.net/manuales/html/tablas-html5-web-resources/image/3.png]
[jorgesanchez.net/manuales/html/tablas-html5-web-resources/image/4.png]
[jorgesanchez.net/manuales/html/tablas-html5-web-resources/image/5.png]
[jorgesanchez.net/manuales/html/tablas-html5-web-resources/image/6.png]
[jorgesanchez.net/manuales/html/tablas-html5-web-resources/image/7.png]
[jorgesanchez.net/manuales/html/tablas-html5-web-resources/image/8.png]
[jorgesanchez.net/manuales/html/tablas-html5-web-resources/image/9.png]
[jorgesanchez.net/manuales/html/tablas-html5.html]
[jorgesanchez.net/manuales/html/formularios-html5-web-resources/image/1.png]
[jorgesanchez.net/manuales/html/formularios-html5-web-resources/image/2.png]
[jorgesanchez.net/manuales/html/formularios-html5-web-resources/image/3.png]
[jorgesanchez.net/manuales/html/formularios-html5-web-resources/image/4.png]
[jorgesanchez.net/manuales/html/formularios-html5-web-resources/image/5.png]
[jorgesanchez.net/manuales/html/formularios-html5-web-resources/image/6.png]
[jorgesanchez.net/manuales/html/formularios-html5-web-resources/image/7.png]
[jorgesanchez.net/manuales/html/formularios-html5-web-resources/image/8.png]
[jorgesanchez.net/manuales/html/formularios-html5-web-resources/image/9.png]
[jorgesanchez.net/manuales/html/formularios-html5-web-resources/image/10.png]
[jorgesanchez.net/manuales/html/formularios-html5-web-resources/image/11.png]
[jorgesanchez.net/manuales/html/formularios-html5-web-resources/image/12.png]
[jorgesanchez.net/manuales/html/formularios-html5-web-resources/image/13.png]
[jorgesanchez.net/manuales/html/formularios-html5-web-resources/image/14.png]
[jorgesanchez.net/manuales/html/formularios-html5-web-resources/image/15.png]
[jorgesanchez.net/manuales/html/formularios-html5-web-resources/image/16.png]
[jorgesanchez.net/manuales/html/formularios-html5-web-resources/image/17.png]
[jorgesanchez.net/manuales/html/formularios-html5-web-resources/image/18.png]
[jorgesanchez.net/manuales/html/formularios-html5-web-resources/image/19.png]
[jorgesanchez.net/manuales/html/formularios-html5-web-resources/image/20.png]
[jorgesanchez.net/manuales/html/formularios-html5-web-resources/image/21.png]
[jorgesanchez.net/manuales/html/formularios-html5-web-resources/image/22.png]
[jorgesanchez.net/manuales/html/formularios-html5.html]
[jorgesanchez.net/manuales/html/css-visualizacion-web-resources/image/1.png]
[jorgesanchez.net/manuales/html/css-visualizacion-web-resources/image/2.png]
[jorgesanchez.net/manuales/html/css-visualizacion-web-resources/image/3.png]
[jorgesanchez.net/manuales/html/css-visualizacion.html]
[jorgesanchez.net/manuales/html/css-posicionamiento-web-resources/image/1.png]
[jorgesanchez.net/manuales/html/css-posicionamiento-web-resources/image/2.png]
[jorgesanchez.net/manuales/html/css-posicionamiento-web-resources/image/3.png]
[jorgesanchez.net/manuales/html/css-posicionamiento-web-resources/image/4.png]
[jorgesanchez.net/manuales/html/css-posicionamiento-web-resources/image/5.png]
[jorgesanchez.net/manuales/html/css-posicionamiento-web-resources/image/6.png]
[jorgesanchez.net/manuales/html/css-posicionamiento-web-resources/image/7.png]
[jorgesanchez.net/manuales/html/css-posicionamiento-web-resources/image/8.png]
[jorgesanchez.net/manuales/html/css-posicionamiento-web-resources/image/9.png]
[jorgesanchez.net/manuales/html/css-posicionamiento-web-resources/image/10.png]
[jorgesanchez.net/manuales/html/css-posicionamiento-web-resources/image/11.png]
[jorgesanchez.net/manuales/html/css-posicionamiento-web-resources/image/12.png]
[jorgesanchez.net/manuales/html/css-posicionamiento-web-resources/image/13.png]
[jorgesanchez.net/manuales/html/css-posicionamiento-web-resources/image/14.png]
[jorgesanchez.net/manuales/html/css-posicionamiento-web-resources/image/15.png]
[jorgesanchez.net/manuales/html/css-posicionamiento-web-resources/image/16.png]
[jorgesanchez.net/manuales/html/css-posicionamiento.html]
[jorgesanchez.net/manuales/html/edicion-basica-html-2016.html]
[jorgesanchez.net/manuales/html/css-unidades-colores-html-2016.html]
[jorgesanchez.net/manuales/html/css-formato-caja-lista-html-2016-web-resources/image/Imagen40475.png]
[jorgesanchez.net/manuales/html/css-formato-caja-lista-html-2016.html]
[jorgesanchez.net/manuales/html/css-formato-caja-lista-html-2016-web-resources/image/box-shadow.html]
[jorgesanchez.net/manuales/html/css-visualizacion-2.html]
[css3-mediaqueries-js.googlecode.com/svn/trunk/css3-mediaqueries.html]
[jorgesanchez.net/manuales/html/css-visualizacion-web-resources/image/1.png]
[jorgesanchez.net/manuales/html/css-formato-caja-lista-html-2016-web-resources/image/Imagen40475.png]
